
Time: 01/21/25 21:24:53.754 - NOTIFICATION *** file /home/cubrid/hgryoo_cubrid/src/transaction/boot_cl.c, line 1082  CODE = -971, Tran = -1, EID = 1
Program 'csql' (pid 1865283) connected to database server 'demodb' on the host 'localhost' (port 1523).

Time: 01/21/25 21:24:54.584 - ERROR *** file /home/cubrid/hgryoo_cubrid/src/sp/jsp_cl.cpp, line 1143 ERROR CODE = -1360, Tran = 1, EID = 2
In line 1, column 64
Stored procedure compile error: missing SEMICOLON at 'END'

Time: 01/21/25 21:24:54.585 - SYNTAX ERROR *** file /home/cubrid/hgryoo_cubrid/src/compat/db_vdb.c, line 1050 ERROR CODE = -492, Tran = 1, EID = 3
In line 1, column 64
Stored procedure compile error: missing SEMICOLON at 'END'

Time: 01/21/25 21:25:58.054 - SYNTAX ERROR *** file /home/cubrid/hgryoo_cubrid/src/compat/db_vdb.c, line 1050 ERROR CODE = -492, Tran = 1, EID = 4
In line 1, column 19 before '
SELECT my_rand () FROM game; '
Syntax error: unexpected 'e', expecting SELECT or VALUE or VALUES or '('

Time: 01/21/25 21:26:18.001 - ERROR *** file /home/cubrid/hgryoo_cubrid/src/sp/jsp_cl.cpp, line 1198 ERROR CODE = -887, Tran = 1, EID = 5
Stored procedure 'dba.my_rand' is already exist.

Time: 01/21/25 21:27:14.826 - SYNTAX ERROR *** file /home/cubrid/hgryoo_cubrid/src/compat/db_vdb.c, line 1050 ERROR CODE = -492, Tran = 1, EID = 6
In line 1, column 8 before ' (my_rand (athlete_code) from dual) from game; '
Syntax error: unexpected 'SELECT'

Time: 01/21/25 21:27:19.223 - SYNTAX ERROR *** file /home/cubrid/hgryoo_cubrid/src/compat/db_vdb.c, line 1050 ERROR CODE = -492, Tran = 1, EID = 7
before '  from dual) from game; '
operand must be logical expression.

Time: 01/21/25 21:27:19.223 - SYNTAX ERROR *** file /home/cubrid/hgryoo_cubrid/src/compat/db_vdb.c, line 1050 ERROR CODE = -492, Tran = 1, EID = 8
In line 1, column 40 before ' dual) from game; '
Syntax error: unexpected 'from', expecting ')'

*** The previous error message is the last one. ***

